// Jest Snapshot v1, https://goo.gl/fbAQLP

exports[`component: CreateWalletDialog - AccessMyWallet renders correctly 1`] = `
Array [
  <div
    className="MuiDialogContent-root HookGlobalStyles-dialogContent-7"
  >
    <p
      className="MuiTypography-root MuiDialogContentText-root MuiTypography-body1 MuiTypography-colorTextSecondary"
    >
      common:access my wallet description
    </p>
    <div
      className="MuiBox-root MuiBox-root-8"
    >
      <button
        className="MuiButtonBase-root HookGlobalStyles-borderedButton-5"
        disabled={false}
        onBlur={[Function]}
        onClick={[Function]}
        onDragLeave={[Function]}
        onFocus={[Function]}
        onKeyDown={[Function]}
        onKeyUp={[Function]}
        onMouseDown={[Function]}
        onMouseLeave={[Function]}
        onMouseUp={[Function]}
        onTouchEnd={[Function]}
        onTouchMove={[Function]}
        onTouchStart={[Function]}
        tabIndex={0}
        type="button"
      >
        <h6
          className="MuiTypography-root MuiTypography-h6 MuiTypography-gutterBottom"
        >
          common:import mnemonic phrase
        </h6>
        <p
          className="MuiTypography-root MuiTypography-body2 MuiTypography-colorTextSecondary"
        >
          common:import mnemonic phrase description
        </p>
      </button>
      <button
        className="MuiButtonBase-root HookGlobalStyles-borderedButton-5"
        disabled={false}
        onBlur={[Function]}
        onClick={[Function]}
        onDragLeave={[Function]}
        onFocus={[Function]}
        onKeyDown={[Function]}
        onKeyUp={[Function]}
        onMouseDown={[Function]}
        onMouseLeave={[Function]}
        onMouseUp={[Function]}
        onTouchEnd={[Function]}
        onTouchMove={[Function]}
        onTouchStart={[Function]}
        tabIndex={0}
        type="button"
      >
        <h6
          className="MuiTypography-root MuiTypography-h6 MuiTypography-gutterBottom"
        >
          common:use mnemonic phrase backup
        </h6>
        <p
          className="MuiTypography-root MuiTypography-body2 MuiTypography-colorTextSecondary"
        >
          common:use mnemonic phrase backup description
        </p>
      </button>
      <button
        className="MuiButtonBase-root HookGlobalStyles-borderedButton-5"
        disabled={false}
        onBlur={[Function]}
        onClick={[Function]}
        onDragLeave={[Function]}
        onFocus={[Function]}
        onKeyDown={[Function]}
        onKeyUp={[Function]}
        onMouseDown={[Function]}
        onMouseLeave={[Function]}
        onMouseUp={[Function]}
        onTouchEnd={[Function]}
        onTouchMove={[Function]}
        onTouchStart={[Function]}
        tabIndex={0}
        type="button"
      >
        <h6
          className="MuiTypography-root MuiTypography-h6 MuiTypography-gutterBottom"
        >
          common:connect ledger device
        </h6>
        <p
          className="MuiTypography-root MuiTypography-body2 MuiTypography-colorTextSecondary"
        >
          common:connect ledger device description
        </p>
      </button>
    </div>
  </div>,
  <div
    className="MuiDialogActions-root MuiDialogActions-spacing"
  >
    <button
      className="MuiButtonBase-root MuiButton-root MuiButton-text HookGlobalStyles-button-1 MuiButton-textSecondary"
      disabled={false}
      onBlur={[Function]}
      onClick={[MockFunction]}
      onDragLeave={[Function]}
      onFocus={[Function]}
      onKeyDown={[Function]}
      onKeyUp={[Function]}
      onMouseDown={[Function]}
      onMouseLeave={[Function]}
      onMouseUp={[Function]}
      onTouchEnd={[Function]}
      onTouchMove={[Function]}
      onTouchStart={[Function]}
      tabIndex={0}
      type="button"
    >
      <span
        className="MuiButton-label"
      >
        common:create a wallet
      </span>
    </button>
  </div>,
]
`;
