// Jest Snapshot v1, https://goo.gl/fbAQLP

exports[`component: CreateWalletDialog - Start renders correctly 1`] = `
Array [
  <div
    className="MuiDialogContent-root HookGlobalStyles-dialogContent-7"
  >
    <p
      className="MuiTypography-root MuiDialogContentText-root MuiTypography-body1 MuiTypography-colorTextSecondary"
    >
      common:create wallet description
    </p>
    <div
      className="MuiGrid-root MuiGrid-container MuiGrid-spacing-xs-5"
    >
      <div
        className="MuiGrid-root MuiGrid-item MuiGrid-grid-xs-6"
      >
        <button
          className="MuiButtonBase-root HookGlobalStyles-selectionBox-4"
          disabled={false}
          onBlur={[Function]}
          onClick={[MockFunction]}
          onDragLeave={[Function]}
          onFocus={[Function]}
          onKeyDown={[Function]}
          onKeyUp={[Function]}
          onMouseDown={[Function]}
          onMouseLeave={[Function]}
          onMouseUp={[Function]}
          onTouchEnd={[Function]}
          onTouchMove={[Function]}
          onTouchStart={[Function]}
          tabIndex={0}
          type="button"
        >
          <div
            className="MuiBox-root MuiBox-root-8"
          >
            <svg
              data-file-name="SvgLogin_light"
            />
          </div>
          <p
            className="MuiTypography-root MuiTypography-body2 MuiTypography-colorTextSecondary MuiTypography-alignCenter"
          >
            common:i have mnemonic phrase
          </p>
        </button>
      </div>
      <div
        className="MuiGrid-root MuiGrid-item MuiGrid-grid-xs-6"
      >
        <button
          className="MuiButtonBase-root HookGlobalStyles-selectionBox-4"
          disabled={false}
          onBlur={[Function]}
          onClick={[MockFunction]}
          onDragLeave={[Function]}
          onFocus={[Function]}
          onKeyDown={[Function]}
          onKeyUp={[Function]}
          onMouseDown={[Function]}
          onMouseLeave={[Function]}
          onMouseUp={[Function]}
          onTouchEnd={[Function]}
          onTouchMove={[Function]}
          onTouchStart={[Function]}
          tabIndex={0}
          type="button"
        >
          <div
            className="MuiBox-root MuiBox-root-9"
          >
            <svg
              data-file-name="SvgCreate_wallet_light"
            />
          </div>
          <p
            className="MuiTypography-root MuiTypography-body2 MuiTypography-colorTextSecondary MuiTypography-alignCenter"
          >
            common:i dont have mnemonic phrase
          </p>
        </button>
      </div>
    </div>
  </div>,
  <div
    className="MuiDialogActions-root MuiDialogActions-spacing"
  >
    <button
      className="MuiButtonBase-root MuiButton-root MuiButton-text HookGlobalStyles-button-1 MuiButton-textSecondary"
      disabled={false}
      onBlur={[Function]}
      onClick={[MockFunction]}
      onDragLeave={[Function]}
      onFocus={[Function]}
      onKeyDown={[Function]}
      onKeyUp={[Function]}
      onMouseDown={[Function]}
      onMouseLeave={[Function]}
      onMouseUp={[Function]}
      onTouchEnd={[Function]}
      onTouchMove={[Function]}
      onTouchStart={[Function]}
      tabIndex={0}
      type="button"
    >
      <span
        className="MuiButton-label"
      >
        common:what is mnemonic phrase
      </span>
    </button>
  </div>,
]
`;
