// Jest Snapshot v1, https://goo.gl/fbAQLP

exports[`page: _app renders dark theme correctly 1`] = `
<ApolloProvider>
  <GeneralProvider>
    <ThemeProvider>
      <GlobalCss />
      <div
        id="component"
      />
    </ThemeProvider>
  </GeneralProvider>
</ApolloProvider>
`;

exports[`page: _app renders light theme correctly 1`] = `
<ApolloProvider>
  <GeneralProvider>
    <ThemeProvider>
      <GlobalCss />
      <div
        id="component"
      />
    </ThemeProvider>
  </GeneralProvider>
</ApolloProvider>
`;
