// Jest Snapshot v1, https://goo.gl/fbAQLP

exports[`component: Layout - NavBar renders correctly 1`] = `
<div
  className="MuiBox-root MuiBox-root-15 HookGlobalStyles-navBar-11"
  id="navBar"
>
  <CurrencyMenuButton />
  <CurrencyMenuButton />
  <a
    aria-disabled={false}
    className="MuiButtonBase-root MuiIconButton-root HookGlobalStyles-navBarButton-12"
    href="/settings"
    onBlur={[Function]}
    onClick={[Function]}
    onDragLeave={[Function]}
    onFocus={[Function]}
    onKeyDown={[Function]}
    onKeyUp={[Function]}
    onMouseDown={[Function]}
    onMouseEnter={[Function]}
    onMouseLeave={[Function]}
    onMouseUp={[Function]}
    onTouchEnd={[Function]}
    onTouchMove={[Function]}
    onTouchStart={[Function]}
    tabIndex={0}
  >
    <span
      className="MuiIconButton-label"
    >
      <svg
        data-file-name="SvgIcon_settings"
        fill="#e0e0e0"
        height={24}
        width={24}
      />
    </span>
  </a>
  <button
    className="MuiButtonBase-root MuiButton-root MuiButton-text HookGlobalStyles-navBarButton-12"
    disabled={false}
    onBlur={[Function]}
    onDragLeave={[Function]}
    onFocus={[Function]}
    onKeyDown={[Function]}
    onKeyUp={[Function]}
    onMouseDown={[Function]}
    onMouseLeave={[Function]}
    onMouseUp={[Function]}
    onTouchEnd={[Function]}
    onTouchMove={[Function]}
    onTouchStart={[Function]}
    tabIndex={0}
    type="button"
  >
    <span
      className="MuiButton-label"
    >
      <span
        className="MuiButton-startIcon MuiButton-iconSizeMedium"
      >
        <svg
          data-file-name="SvgLogOut"
          fill="#e0e0e0"
          height={24}
          width={24}
        />
      </span>
      common:sign out
    </span>
  </button>
</div>
`;
