// Jest Snapshot v1, https://goo.gl/fbAQLP

exports[`component: WalletMenuButton renders correctly 1`] = `
Array [
  <button
    className="MuiButtonBase-root MuiIconButton-root HookGlobalStyles-iconButton-1"
    disabled={false}
    onBlur={[Function]}
    onClick={[Function]}
    onDragLeave={[Function]}
    onFocus={[Function]}
    onKeyDown={[Function]}
    onKeyUp={[Function]}
    onMouseDown={[Function]}
    onMouseLeave={[Function]}
    onMouseUp={[Function]}
    onTouchEnd={[Function]}
    onTouchMove={[Function]}
    onTouchStart={[Function]}
    tabIndex={0}
    type="button"
  >
    <span
      className="MuiIconButton-label"
    >
      <svg
        data-file-name="SvgIcon_edit"
        fill="#e0e0e0"
        height={16}
        width={16}
      />
    </span>
  </button>,
  <div
    anchorOrigin={
      Object {
        "horizontal": "center",
        "vertical": "bottom",
      }
    }
    getContentAnchorEl={null}
    id="Menu"
    keepMounted={true}
    onClose={[Function]}
    open={false}
    transformOrigin={
      Object {
        "horizontal": "center",
        "vertical": "top",
      }
    }
  >
    <li
      aria-disabled={false}
      className="MuiButtonBase-root MuiListItem-root MuiMenuItem-root HookGlobalStyles-menuItem-2 MuiMenuItem-gutters MuiListItem-gutters MuiListItem-button"
      onBlur={[Function]}
      onClick={[Function]}
      onDragLeave={[Function]}
      onFocus={[Function]}
      onKeyDown={[Function]}
      onKeyUp={[Function]}
      onMouseDown={[Function]}
      onMouseLeave={[Function]}
      onMouseUp={[Function]}
      onTouchEnd={[Function]}
      onTouchMove={[Function]}
      onTouchStart={[Function]}
      role="menuitem"
      tabIndex={-1}
    >
      common:change wallet moniker
    </li>
    <li
      aria-disabled={false}
      className="MuiButtonBase-root MuiListItem-root MuiMenuItem-root HookGlobalStyles-menuItem-2 MuiMenuItem-gutters MuiListItem-gutters MuiListItem-button"
      onBlur={[Function]}
      onClick={[Function]}
      onDragLeave={[Function]}
      onFocus={[Function]}
      onKeyDown={[Function]}
      onKeyUp={[Function]}
      onMouseDown={[Function]}
      onMouseLeave={[Function]}
      onMouseUp={[Function]}
      onTouchEnd={[Function]}
      onTouchMove={[Function]}
      onTouchStart={[Function]}
      role="menuitem"
      tabIndex={-1}
    >
      common:change security password
    </li>
    <li
      aria-disabled={false}
      className="MuiButtonBase-root MuiListItem-root MuiMenuItem-root HookGlobalStyles-menuItem-2 MuiMenuItem-gutters MuiListItem-gutters MuiListItem-button"
      onBlur={[Function]}
      onClick={[Function]}
      onDragLeave={[Function]}
      onFocus={[Function]}
      onKeyDown={[Function]}
      onKeyUp={[Function]}
      onMouseDown={[Function]}
      onMouseLeave={[Function]}
      onMouseUp={[Function]}
      onTouchEnd={[Function]}
      onTouchMove={[Function]}
      onTouchStart={[Function]}
      role="menuitem"
      tabIndex={-1}
    >
      common:view mnemonic phrase
    </li>
    <li
      aria-disabled={false}
      className="MuiButtonBase-root MuiListItem-root MuiMenuItem-root HookGlobalStyles-menuItem-2 MuiMenuItem-gutters MuiListItem-gutters MuiListItem-button"
      onBlur={[Function]}
      onClick={[Function]}
      onDragLeave={[Function]}
      onFocus={[Function]}
      onKeyDown={[Function]}
      onKeyUp={[Function]}
      onMouseDown={[Function]}
      onMouseLeave={[Function]}
      onMouseUp={[Function]}
      onTouchEnd={[Function]}
      onTouchMove={[Function]}
      onTouchStart={[Function]}
      role="menuitem"
      tabIndex={-1}
    >
      common:add account to wallet
    </li>
    <div
      className="MuiBox-root MuiBox-root-10"
    >
      <button
        className="MuiButtonBase-root MuiButton-root MuiButton-contained MuiButton-containedPrimary MuiButton-fullWidth"
        disabled={false}
        onBlur={[Function]}
        onClick={[Function]}
        onDragLeave={[Function]}
        onFocus={[Function]}
        onKeyDown={[Function]}
        onKeyUp={[Function]}
        onMouseDown={[Function]}
        onMouseLeave={[Function]}
        onMouseUp={[Function]}
        onTouchEnd={[Function]}
        onTouchMove={[Function]}
        onTouchStart={[Function]}
        tabIndex={0}
        type="button"
      >
        <span
          className="MuiButton-label"
        >
          common:delete wallet
        </span>
      </button>
    </div>
  </div>,
  <div
    id="ChangeWalletMonikerDialog"
    onClose={[Function]}
    open={false}
    walletId="123"
  />,
  <div
    id="ChangeSecurityPasswordDialog"
    onClose={[Function]}
    open={false}
    walletId="123"
  />,
  <div
    id="ViewMnemonicPhraseDialog"
    onClose={[Function]}
    open={false}
    walletId="123"
  />,
  <div
    id="CreateAccountDialog"
    onClose={[Function]}
    open={false}
    walletId="123"
  />,
  <div
    id="DeleteWalletDialog"
    onClose={[Function]}
    open={false}
    walletId="123"
  />,
]
`;

exports[`component: WalletMenuButton renders open / close change security password dialog correctly 1`] = `
Array [
  <button
    className="MuiButtonBase-root MuiIconButton-root HookGlobalStyles-iconButton-1"
    disabled={false}
    onBlur={[Function]}
    onClick={[Function]}
    onDragLeave={[Function]}
    onFocus={[Function]}
    onKeyDown={[Function]}
    onKeyUp={[Function]}
    onMouseDown={[Function]}
    onMouseLeave={[Function]}
    onMouseUp={[Function]}
    onTouchEnd={[Function]}
    onTouchMove={[Function]}
    onTouchStart={[Function]}
    tabIndex={0}
    type="button"
  >
    <span
      className="MuiIconButton-label"
    >
      <svg
        data-file-name="SvgIcon_edit"
        fill="#e0e0e0"
        height={16}
        width={16}
      />
    </span>
    <span
      className="MuiTouchRipple-root"
    />
  </button>,
  <div
    anchorOrigin={
      Object {
        "horizontal": "center",
        "vertical": "bottom",
      }
    }
    getContentAnchorEl={null}
    id="Menu"
    keepMounted={true}
    onClose={[Function]}
    open={false}
    transformOrigin={
      Object {
        "horizontal": "center",
        "vertical": "top",
      }
    }
  >
    <li
      aria-disabled={false}
      className="MuiButtonBase-root MuiListItem-root MuiMenuItem-root HookGlobalStyles-menuItem-2 MuiMenuItem-gutters MuiListItem-gutters MuiListItem-button"
      onBlur={[Function]}
      onClick={[Function]}
      onDragLeave={[Function]}
      onFocus={[Function]}
      onKeyDown={[Function]}
      onKeyUp={[Function]}
      onMouseDown={[Function]}
      onMouseLeave={[Function]}
      onMouseUp={[Function]}
      onTouchEnd={[Function]}
      onTouchMove={[Function]}
      onTouchStart={[Function]}
      role="menuitem"
      tabIndex={-1}
    >
      common:change wallet moniker
      <span
        className="MuiTouchRipple-root"
      />
    </li>
    <li
      aria-disabled={false}
      className="MuiButtonBase-root MuiListItem-root MuiMenuItem-root HookGlobalStyles-menuItem-2 MuiMenuItem-gutters MuiListItem-gutters MuiListItem-button"
      onBlur={[Function]}
      onClick={[Function]}
      onDragLeave={[Function]}
      onFocus={[Function]}
      onKeyDown={[Function]}
      onKeyUp={[Function]}
      onMouseDown={[Function]}
      onMouseLeave={[Function]}
      onMouseUp={[Function]}
      onTouchEnd={[Function]}
      onTouchMove={[Function]}
      onTouchStart={[Function]}
      role="menuitem"
      tabIndex={-1}
    >
      common:change security password
      <span
        className="MuiTouchRipple-root"
      />
    </li>
    <li
      aria-disabled={false}
      className="MuiButtonBase-root MuiListItem-root MuiMenuItem-root HookGlobalStyles-menuItem-2 MuiMenuItem-gutters MuiListItem-gutters MuiListItem-button"
      onBlur={[Function]}
      onClick={[Function]}
      onDragLeave={[Function]}
      onFocus={[Function]}
      onKeyDown={[Function]}
      onKeyUp={[Function]}
      onMouseDown={[Function]}
      onMouseLeave={[Function]}
      onMouseUp={[Function]}
      onTouchEnd={[Function]}
      onTouchMove={[Function]}
      onTouchStart={[Function]}
      role="menuitem"
      tabIndex={-1}
    >
      common:view mnemonic phrase
      <span
        className="MuiTouchRipple-root"
      />
    </li>
    <li
      aria-disabled={false}
      className="MuiButtonBase-root MuiListItem-root MuiMenuItem-root HookGlobalStyles-menuItem-2 MuiMenuItem-gutters MuiListItem-gutters MuiListItem-button"
      onBlur={[Function]}
      onClick={[Function]}
      onDragLeave={[Function]}
      onFocus={[Function]}
      onKeyDown={[Function]}
      onKeyUp={[Function]}
      onMouseDown={[Function]}
      onMouseLeave={[Function]}
      onMouseUp={[Function]}
      onTouchEnd={[Function]}
      onTouchMove={[Function]}
      onTouchStart={[Function]}
      role="menuitem"
      tabIndex={-1}
    >
      common:add account to wallet
      <span
        className="MuiTouchRipple-root"
      />
    </li>
    <div
      className="MuiBox-root MuiBox-root-13"
    >
      <button
        className="MuiButtonBase-root MuiButton-root MuiButton-contained MuiButton-containedPrimary MuiButton-fullWidth"
        disabled={false}
        onBlur={[Function]}
        onClick={[Function]}
        onDragLeave={[Function]}
        onFocus={[Function]}
        onKeyDown={[Function]}
        onKeyUp={[Function]}
        onMouseDown={[Function]}
        onMouseLeave={[Function]}
        onMouseUp={[Function]}
        onTouchEnd={[Function]}
        onTouchMove={[Function]}
        onTouchStart={[Function]}
        tabIndex={0}
        type="button"
      >
        <span
          className="MuiButton-label"
        >
          common:delete wallet
        </span>
        <span
          className="MuiTouchRipple-root"
        />
      </button>
    </div>
  </div>,
  <div
    id="ChangeWalletMonikerDialog"
    onClose={[Function]}
    open={false}
    walletId="123"
  />,
  <div
    id="ChangeSecurityPasswordDialog"
    onClose={[Function]}
    open={true}
    walletId="123"
  />,
  <div
    id="ViewMnemonicPhraseDialog"
    onClose={[Function]}
    open={false}
    walletId="123"
  />,
  <div
    id="CreateAccountDialog"
    onClose={[Function]}
    open={false}
    walletId="123"
  />,
  <div
    id="DeleteWalletDialog"
    onClose={[Function]}
    open={false}
    walletId="123"
  />,
]
`;

exports[`component: WalletMenuButton renders open / close change security password dialog correctly 2`] = `
Array [
  <button
    className="MuiButtonBase-root MuiIconButton-root HookGlobalStyles-iconButton-1"
    disabled={false}
    onBlur={[Function]}
    onClick={[Function]}
    onDragLeave={[Function]}
    onFocus={[Function]}
    onKeyDown={[Function]}
    onKeyUp={[Function]}
    onMouseDown={[Function]}
    onMouseLeave={[Function]}
    onMouseUp={[Function]}
    onTouchEnd={[Function]}
    onTouchMove={[Function]}
    onTouchStart={[Function]}
    tabIndex={0}
    type="button"
  >
    <span
      className="MuiIconButton-label"
    >
      <svg
        data-file-name="SvgIcon_edit"
        fill="#e0e0e0"
        height={16}
        width={16}
      />
    </span>
    <span
      className="MuiTouchRipple-root"
    />
  </button>,
  <div
    anchorOrigin={
      Object {
        "horizontal": "center",
        "vertical": "bottom",
      }
    }
    getContentAnchorEl={null}
    id="Menu"
    keepMounted={true}
    onClose={[Function]}
    open={false}
    transformOrigin={
      Object {
        "horizontal": "center",
        "vertical": "top",
      }
    }
  >
    <li
      aria-disabled={false}
      className="MuiButtonBase-root MuiListItem-root MuiMenuItem-root HookGlobalStyles-menuItem-2 MuiMenuItem-gutters MuiListItem-gutters MuiListItem-button"
      onBlur={[Function]}
      onClick={[Function]}
      onDragLeave={[Function]}
      onFocus={[Function]}
      onKeyDown={[Function]}
      onKeyUp={[Function]}
      onMouseDown={[Function]}
      onMouseLeave={[Function]}
      onMouseUp={[Function]}
      onTouchEnd={[Function]}
      onTouchMove={[Function]}
      onTouchStart={[Function]}
      role="menuitem"
      tabIndex={-1}
    >
      common:change wallet moniker
      <span
        className="MuiTouchRipple-root"
      />
    </li>
    <li
      aria-disabled={false}
      className="MuiButtonBase-root MuiListItem-root MuiMenuItem-root HookGlobalStyles-menuItem-2 MuiMenuItem-gutters MuiListItem-gutters MuiListItem-button"
      onBlur={[Function]}
      onClick={[Function]}
      onDragLeave={[Function]}
      onFocus={[Function]}
      onKeyDown={[Function]}
      onKeyUp={[Function]}
      onMouseDown={[Function]}
      onMouseLeave={[Function]}
      onMouseUp={[Function]}
      onTouchEnd={[Function]}
      onTouchMove={[Function]}
      onTouchStart={[Function]}
      role="menuitem"
      tabIndex={-1}
    >
      common:change security password
      <span
        className="MuiTouchRipple-root"
      />
    </li>
    <li
      aria-disabled={false}
      className="MuiButtonBase-root MuiListItem-root MuiMenuItem-root HookGlobalStyles-menuItem-2 MuiMenuItem-gutters MuiListItem-gutters MuiListItem-button"
      onBlur={[Function]}
      onClick={[Function]}
      onDragLeave={[Function]}
      onFocus={[Function]}
      onKeyDown={[Function]}
      onKeyUp={[Function]}
      onMouseDown={[Function]}
      onMouseLeave={[Function]}
      onMouseUp={[Function]}
      onTouchEnd={[Function]}
      onTouchMove={[Function]}
      onTouchStart={[Function]}
      role="menuitem"
      tabIndex={-1}
    >
      common:view mnemonic phrase
      <span
        className="MuiTouchRipple-root"
      />
    </li>
    <li
      aria-disabled={false}
      className="MuiButtonBase-root MuiListItem-root MuiMenuItem-root HookGlobalStyles-menuItem-2 MuiMenuItem-gutters MuiListItem-gutters MuiListItem-button"
      onBlur={[Function]}
      onClick={[Function]}
      onDragLeave={[Function]}
      onFocus={[Function]}
      onKeyDown={[Function]}
      onKeyUp={[Function]}
      onMouseDown={[Function]}
      onMouseLeave={[Function]}
      onMouseUp={[Function]}
      onTouchEnd={[Function]}
      onTouchMove={[Function]}
      onTouchStart={[Function]}
      role="menuitem"
      tabIndex={-1}
    >
      common:add account to wallet
      <span
        className="MuiTouchRipple-root"
      />
    </li>
    <div
      className="MuiBox-root MuiBox-root-13"
    >
      <button
        className="MuiButtonBase-root MuiButton-root MuiButton-contained MuiButton-containedPrimary MuiButton-fullWidth"
        disabled={false}
        onBlur={[Function]}
        onClick={[Function]}
        onDragLeave={[Function]}
        onFocus={[Function]}
        onKeyDown={[Function]}
        onKeyUp={[Function]}
        onMouseDown={[Function]}
        onMouseLeave={[Function]}
        onMouseUp={[Function]}
        onTouchEnd={[Function]}
        onTouchMove={[Function]}
        onTouchStart={[Function]}
        tabIndex={0}
        type="button"
      >
        <span
          className="MuiButton-label"
        >
          common:delete wallet
        </span>
        <span
          className="MuiTouchRipple-root"
        />
      </button>
    </div>
  </div>,
  <div
    id="ChangeWalletMonikerDialog"
    onClose={[Function]}
    open={false}
    walletId="123"
  />,
  <div
    id="ChangeSecurityPasswordDialog"
    onClose={[Function]}
    open={false}
    walletId="123"
  />,
  <div
    id="ViewMnemonicPhraseDialog"
    onClose={[Function]}
    open={false}
    walletId="123"
  />,
  <div
    id="CreateAccountDialog"
    onClose={[Function]}
    open={false}
    walletId="123"
  />,
  <div
    id="DeleteWalletDialog"
    onClose={[Function]}
    open={false}
    walletId="123"
  />,
]
`;

exports[`component: WalletMenuButton renders open / close change wallet name dialog correctly 1`] = `
Array [
  <button
    className="MuiButtonBase-root MuiIconButton-root HookGlobalStyles-iconButton-1"
    disabled={false}
    onBlur={[Function]}
    onClick={[Function]}
    onDragLeave={[Function]}
    onFocus={[Function]}
    onKeyDown={[Function]}
    onKeyUp={[Function]}
    onMouseDown={[Function]}
    onMouseLeave={[Function]}
    onMouseUp={[Function]}
    onTouchEnd={[Function]}
    onTouchMove={[Function]}
    onTouchStart={[Function]}
    tabIndex={0}
    type="button"
  >
    <span
      className="MuiIconButton-label"
    >
      <svg
        data-file-name="SvgIcon_edit"
        fill="#e0e0e0"
        height={16}
        width={16}
      />
    </span>
    <span
      className="MuiTouchRipple-root"
    />
  </button>,
  <div
    anchorOrigin={
      Object {
        "horizontal": "center",
        "vertical": "bottom",
      }
    }
    getContentAnchorEl={null}
    id="Menu"
    keepMounted={true}
    onClose={[Function]}
    open={false}
    transformOrigin={
      Object {
        "horizontal": "center",
        "vertical": "top",
      }
    }
  >
    <li
      aria-disabled={false}
      className="MuiButtonBase-root MuiListItem-root MuiMenuItem-root HookGlobalStyles-menuItem-2 MuiMenuItem-gutters MuiListItem-gutters MuiListItem-button"
      onBlur={[Function]}
      onClick={[Function]}
      onDragLeave={[Function]}
      onFocus={[Function]}
      onKeyDown={[Function]}
      onKeyUp={[Function]}
      onMouseDown={[Function]}
      onMouseLeave={[Function]}
      onMouseUp={[Function]}
      onTouchEnd={[Function]}
      onTouchMove={[Function]}
      onTouchStart={[Function]}
      role="menuitem"
      tabIndex={-1}
    >
      common:change wallet moniker
      <span
        className="MuiTouchRipple-root"
      />
    </li>
    <li
      aria-disabled={false}
      className="MuiButtonBase-root MuiListItem-root MuiMenuItem-root HookGlobalStyles-menuItem-2 MuiMenuItem-gutters MuiListItem-gutters MuiListItem-button"
      onBlur={[Function]}
      onClick={[Function]}
      onDragLeave={[Function]}
      onFocus={[Function]}
      onKeyDown={[Function]}
      onKeyUp={[Function]}
      onMouseDown={[Function]}
      onMouseLeave={[Function]}
      onMouseUp={[Function]}
      onTouchEnd={[Function]}
      onTouchMove={[Function]}
      onTouchStart={[Function]}
      role="menuitem"
      tabIndex={-1}
    >
      common:change security password
      <span
        className="MuiTouchRipple-root"
      />
    </li>
    <li
      aria-disabled={false}
      className="MuiButtonBase-root MuiListItem-root MuiMenuItem-root HookGlobalStyles-menuItem-2 MuiMenuItem-gutters MuiListItem-gutters MuiListItem-button"
      onBlur={[Function]}
      onClick={[Function]}
      onDragLeave={[Function]}
      onFocus={[Function]}
      onKeyDown={[Function]}
      onKeyUp={[Function]}
      onMouseDown={[Function]}
      onMouseLeave={[Function]}
      onMouseUp={[Function]}
      onTouchEnd={[Function]}
      onTouchMove={[Function]}
      onTouchStart={[Function]}
      role="menuitem"
      tabIndex={-1}
    >
      common:view mnemonic phrase
      <span
        className="MuiTouchRipple-root"
      />
    </li>
    <li
      aria-disabled={false}
      className="MuiButtonBase-root MuiListItem-root MuiMenuItem-root HookGlobalStyles-menuItem-2 MuiMenuItem-gutters MuiListItem-gutters MuiListItem-button"
      onBlur={[Function]}
      onClick={[Function]}
      onDragLeave={[Function]}
      onFocus={[Function]}
      onKeyDown={[Function]}
      onKeyUp={[Function]}
      onMouseDown={[Function]}
      onMouseLeave={[Function]}
      onMouseUp={[Function]}
      onTouchEnd={[Function]}
      onTouchMove={[Function]}
      onTouchStart={[Function]}
      role="menuitem"
      tabIndex={-1}
    >
      common:add account to wallet
      <span
        className="MuiTouchRipple-root"
      />
    </li>
    <div
      className="MuiBox-root MuiBox-root-12"
    >
      <button
        className="MuiButtonBase-root MuiButton-root MuiButton-contained MuiButton-containedPrimary MuiButton-fullWidth"
        disabled={false}
        onBlur={[Function]}
        onClick={[Function]}
        onDragLeave={[Function]}
        onFocus={[Function]}
        onKeyDown={[Function]}
        onKeyUp={[Function]}
        onMouseDown={[Function]}
        onMouseLeave={[Function]}
        onMouseUp={[Function]}
        onTouchEnd={[Function]}
        onTouchMove={[Function]}
        onTouchStart={[Function]}
        tabIndex={0}
        type="button"
      >
        <span
          className="MuiButton-label"
        >
          common:delete wallet
        </span>
        <span
          className="MuiTouchRipple-root"
        />
      </button>
    </div>
  </div>,
  <div
    id="ChangeWalletMonikerDialog"
    onClose={[Function]}
    open={true}
    walletId="123"
  />,
  <div
    id="ChangeSecurityPasswordDialog"
    onClose={[Function]}
    open={false}
    walletId="123"
  />,
  <div
    id="ViewMnemonicPhraseDialog"
    onClose={[Function]}
    open={false}
    walletId="123"
  />,
  <div
    id="CreateAccountDialog"
    onClose={[Function]}
    open={false}
    walletId="123"
  />,
  <div
    id="DeleteWalletDialog"
    onClose={[Function]}
    open={false}
    walletId="123"
  />,
]
`;

exports[`component: WalletMenuButton renders open / close change wallet name dialog correctly 2`] = `
Array [
  <button
    className="MuiButtonBase-root MuiIconButton-root HookGlobalStyles-iconButton-1"
    disabled={false}
    onBlur={[Function]}
    onClick={[Function]}
    onDragLeave={[Function]}
    onFocus={[Function]}
    onKeyDown={[Function]}
    onKeyUp={[Function]}
    onMouseDown={[Function]}
    onMouseLeave={[Function]}
    onMouseUp={[Function]}
    onTouchEnd={[Function]}
    onTouchMove={[Function]}
    onTouchStart={[Function]}
    tabIndex={0}
    type="button"
  >
    <span
      className="MuiIconButton-label"
    >
      <svg
        data-file-name="SvgIcon_edit"
        fill="#e0e0e0"
        height={16}
        width={16}
      />
    </span>
    <span
      className="MuiTouchRipple-root"
    />
  </button>,
  <div
    anchorOrigin={
      Object {
        "horizontal": "center",
        "vertical": "bottom",
      }
    }
    getContentAnchorEl={null}
    id="Menu"
    keepMounted={true}
    onClose={[Function]}
    open={false}
    transformOrigin={
      Object {
        "horizontal": "center",
        "vertical": "top",
      }
    }
  >
    <li
      aria-disabled={false}
      className="MuiButtonBase-root MuiListItem-root MuiMenuItem-root HookGlobalStyles-menuItem-2 MuiMenuItem-gutters MuiListItem-gutters MuiListItem-button"
      onBlur={[Function]}
      onClick={[Function]}
      onDragLeave={[Function]}
      onFocus={[Function]}
      onKeyDown={[Function]}
      onKeyUp={[Function]}
      onMouseDown={[Function]}
      onMouseLeave={[Function]}
      onMouseUp={[Function]}
      onTouchEnd={[Function]}
      onTouchMove={[Function]}
      onTouchStart={[Function]}
      role="menuitem"
      tabIndex={-1}
    >
      common:change wallet moniker
      <span
        className="MuiTouchRipple-root"
      />
    </li>
    <li
      aria-disabled={false}
      className="MuiButtonBase-root MuiListItem-root MuiMenuItem-root HookGlobalStyles-menuItem-2 MuiMenuItem-gutters MuiListItem-gutters MuiListItem-button"
      onBlur={[Function]}
      onClick={[Function]}
      onDragLeave={[Function]}
      onFocus={[Function]}
      onKeyDown={[Function]}
      onKeyUp={[Function]}
      onMouseDown={[Function]}
      onMouseLeave={[Function]}
      onMouseUp={[Function]}
      onTouchEnd={[Function]}
      onTouchMove={[Function]}
      onTouchStart={[Function]}
      role="menuitem"
      tabIndex={-1}
    >
      common:change security password
      <span
        className="MuiTouchRipple-root"
      />
    </li>
    <li
      aria-disabled={false}
      className="MuiButtonBase-root MuiListItem-root MuiMenuItem-root HookGlobalStyles-menuItem-2 MuiMenuItem-gutters MuiListItem-gutters MuiListItem-button"
      onBlur={[Function]}
      onClick={[Function]}
      onDragLeave={[Function]}
      onFocus={[Function]}
      onKeyDown={[Function]}
      onKeyUp={[Function]}
      onMouseDown={[Function]}
      onMouseLeave={[Function]}
      onMouseUp={[Function]}
      onTouchEnd={[Function]}
      onTouchMove={[Function]}
      onTouchStart={[Function]}
      role="menuitem"
      tabIndex={-1}
    >
      common:view mnemonic phrase
      <span
        className="MuiTouchRipple-root"
      />
    </li>
    <li
      aria-disabled={false}
      className="MuiButtonBase-root MuiListItem-root MuiMenuItem-root HookGlobalStyles-menuItem-2 MuiMenuItem-gutters MuiListItem-gutters MuiListItem-button"
      onBlur={[Function]}
      onClick={[Function]}
      onDragLeave={[Function]}
      onFocus={[Function]}
      onKeyDown={[Function]}
      onKeyUp={[Function]}
      onMouseDown={[Function]}
      onMouseLeave={[Function]}
      onMouseUp={[Function]}
      onTouchEnd={[Function]}
      onTouchMove={[Function]}
      onTouchStart={[Function]}
      role="menuitem"
      tabIndex={-1}
    >
      common:add account to wallet
      <span
        className="MuiTouchRipple-root"
      />
    </li>
    <div
      className="MuiBox-root MuiBox-root-12"
    >
      <button
        className="MuiButtonBase-root MuiButton-root MuiButton-contained MuiButton-containedPrimary MuiButton-fullWidth"
        disabled={false}
        onBlur={[Function]}
        onClick={[Function]}
        onDragLeave={[Function]}
        onFocus={[Function]}
        onKeyDown={[Function]}
        onKeyUp={[Function]}
        onMouseDown={[Function]}
        onMouseLeave={[Function]}
        onMouseUp={[Function]}
        onTouchEnd={[Function]}
        onTouchMove={[Function]}
        onTouchStart={[Function]}
        tabIndex={0}
        type="button"
      >
        <span
          className="MuiButton-label"
        >
          common:delete wallet
        </span>
        <span
          className="MuiTouchRipple-root"
        />
      </button>
    </div>
  </div>,
  <div
    id="ChangeWalletMonikerDialog"
    onClose={[Function]}
    open={false}
    walletId="123"
  />,
  <div
    id="ChangeSecurityPasswordDialog"
    onClose={[Function]}
    open={false}
    walletId="123"
  />,
  <div
    id="ViewMnemonicPhraseDialog"
    onClose={[Function]}
    open={false}
    walletId="123"
  />,
  <div
    id="CreateAccountDialog"
    onClose={[Function]}
    open={false}
    walletId="123"
  />,
  <div
    id="DeleteWalletDialog"
    onClose={[Function]}
    open={false}
    walletId="123"
  />,
]
`;

exports[`component: WalletMenuButton renders open / close create account dialog correctly 1`] = `
Array [
  <button
    className="MuiButtonBase-root MuiIconButton-root HookGlobalStyles-iconButton-1"
    disabled={false}
    onBlur={[Function]}
    onClick={[Function]}
    onDragLeave={[Function]}
    onFocus={[Function]}
    onKeyDown={[Function]}
    onKeyUp={[Function]}
    onMouseDown={[Function]}
    onMouseLeave={[Function]}
    onMouseUp={[Function]}
    onTouchEnd={[Function]}
    onTouchMove={[Function]}
    onTouchStart={[Function]}
    tabIndex={0}
    type="button"
  >
    <span
      className="MuiIconButton-label"
    >
      <svg
        data-file-name="SvgIcon_edit"
        fill="#e0e0e0"
        height={16}
        width={16}
      />
    </span>
    <span
      className="MuiTouchRipple-root"
    />
  </button>,
  <div
    anchorOrigin={
      Object {
        "horizontal": "center",
        "vertical": "bottom",
      }
    }
    getContentAnchorEl={null}
    id="Menu"
    keepMounted={true}
    onClose={[Function]}
    open={false}
    transformOrigin={
      Object {
        "horizontal": "center",
        "vertical": "top",
      }
    }
  >
    <li
      aria-disabled={false}
      className="MuiButtonBase-root MuiListItem-root MuiMenuItem-root HookGlobalStyles-menuItem-2 MuiMenuItem-gutters MuiListItem-gutters MuiListItem-button"
      onBlur={[Function]}
      onClick={[Function]}
      onDragLeave={[Function]}
      onFocus={[Function]}
      onKeyDown={[Function]}
      onKeyUp={[Function]}
      onMouseDown={[Function]}
      onMouseLeave={[Function]}
      onMouseUp={[Function]}
      onTouchEnd={[Function]}
      onTouchMove={[Function]}
      onTouchStart={[Function]}
      role="menuitem"
      tabIndex={-1}
    >
      common:change wallet moniker
      <span
        className="MuiTouchRipple-root"
      />
    </li>
    <li
      aria-disabled={false}
      className="MuiButtonBase-root MuiListItem-root MuiMenuItem-root HookGlobalStyles-menuItem-2 MuiMenuItem-gutters MuiListItem-gutters MuiListItem-button"
      onBlur={[Function]}
      onClick={[Function]}
      onDragLeave={[Function]}
      onFocus={[Function]}
      onKeyDown={[Function]}
      onKeyUp={[Function]}
      onMouseDown={[Function]}
      onMouseLeave={[Function]}
      onMouseUp={[Function]}
      onTouchEnd={[Function]}
      onTouchMove={[Function]}
      onTouchStart={[Function]}
      role="menuitem"
      tabIndex={-1}
    >
      common:change security password
      <span
        className="MuiTouchRipple-root"
      />
    </li>
    <li
      aria-disabled={false}
      className="MuiButtonBase-root MuiListItem-root MuiMenuItem-root HookGlobalStyles-menuItem-2 MuiMenuItem-gutters MuiListItem-gutters MuiListItem-button"
      onBlur={[Function]}
      onClick={[Function]}
      onDragLeave={[Function]}
      onFocus={[Function]}
      onKeyDown={[Function]}
      onKeyUp={[Function]}
      onMouseDown={[Function]}
      onMouseLeave={[Function]}
      onMouseUp={[Function]}
      onTouchEnd={[Function]}
      onTouchMove={[Function]}
      onTouchStart={[Function]}
      role="menuitem"
      tabIndex={-1}
    >
      common:view mnemonic phrase
      <span
        className="MuiTouchRipple-root"
      />
    </li>
    <li
      aria-disabled={false}
      className="MuiButtonBase-root MuiListItem-root MuiMenuItem-root HookGlobalStyles-menuItem-2 MuiMenuItem-gutters MuiListItem-gutters MuiListItem-button"
      onBlur={[Function]}
      onClick={[Function]}
      onDragLeave={[Function]}
      onFocus={[Function]}
      onKeyDown={[Function]}
      onKeyUp={[Function]}
      onMouseDown={[Function]}
      onMouseLeave={[Function]}
      onMouseUp={[Function]}
      onTouchEnd={[Function]}
      onTouchMove={[Function]}
      onTouchStart={[Function]}
      role="menuitem"
      tabIndex={-1}
    >
      common:add account to wallet
      <span
        className="MuiTouchRipple-root"
      />
    </li>
    <div
      className="MuiBox-root MuiBox-root-15"
    >
      <button
        className="MuiButtonBase-root MuiButton-root MuiButton-contained MuiButton-containedPrimary MuiButton-fullWidth"
        disabled={false}
        onBlur={[Function]}
        onClick={[Function]}
        onDragLeave={[Function]}
        onFocus={[Function]}
        onKeyDown={[Function]}
        onKeyUp={[Function]}
        onMouseDown={[Function]}
        onMouseLeave={[Function]}
        onMouseUp={[Function]}
        onTouchEnd={[Function]}
        onTouchMove={[Function]}
        onTouchStart={[Function]}
        tabIndex={0}
        type="button"
      >
        <span
          className="MuiButton-label"
        >
          common:delete wallet
        </span>
        <span
          className="MuiTouchRipple-root"
        />
      </button>
    </div>
  </div>,
  <div
    id="ChangeWalletMonikerDialog"
    onClose={[Function]}
    open={false}
    walletId="123"
  />,
  <div
    id="ChangeSecurityPasswordDialog"
    onClose={[Function]}
    open={false}
    walletId="123"
  />,
  <div
    id="ViewMnemonicPhraseDialog"
    onClose={[Function]}
    open={false}
    walletId="123"
  />,
  <div
    id="CreateAccountDialog"
    onClose={[Function]}
    open={true}
    walletId="123"
  />,
  <div
    id="DeleteWalletDialog"
    onClose={[Function]}
    open={false}
    walletId="123"
  />,
]
`;

exports[`component: WalletMenuButton renders open / close create account dialog correctly 2`] = `
Array [
  <button
    className="MuiButtonBase-root MuiIconButton-root HookGlobalStyles-iconButton-1"
    disabled={false}
    onBlur={[Function]}
    onClick={[Function]}
    onDragLeave={[Function]}
    onFocus={[Function]}
    onKeyDown={[Function]}
    onKeyUp={[Function]}
    onMouseDown={[Function]}
    onMouseLeave={[Function]}
    onMouseUp={[Function]}
    onTouchEnd={[Function]}
    onTouchMove={[Function]}
    onTouchStart={[Function]}
    tabIndex={0}
    type="button"
  >
    <span
      className="MuiIconButton-label"
    >
      <svg
        data-file-name="SvgIcon_edit"
        fill="#e0e0e0"
        height={16}
        width={16}
      />
    </span>
    <span
      className="MuiTouchRipple-root"
    />
  </button>,
  <div
    anchorOrigin={
      Object {
        "horizontal": "center",
        "vertical": "bottom",
      }
    }
    getContentAnchorEl={null}
    id="Menu"
    keepMounted={true}
    onClose={[Function]}
    open={false}
    transformOrigin={
      Object {
        "horizontal": "center",
        "vertical": "top",
      }
    }
  >
    <li
      aria-disabled={false}
      className="MuiButtonBase-root MuiListItem-root MuiMenuItem-root HookGlobalStyles-menuItem-2 MuiMenuItem-gutters MuiListItem-gutters MuiListItem-button"
      onBlur={[Function]}
      onClick={[Function]}
      onDragLeave={[Function]}
      onFocus={[Function]}
      onKeyDown={[Function]}
      onKeyUp={[Function]}
      onMouseDown={[Function]}
      onMouseLeave={[Function]}
      onMouseUp={[Function]}
      onTouchEnd={[Function]}
      onTouchMove={[Function]}
      onTouchStart={[Function]}
      role="menuitem"
      tabIndex={-1}
    >
      common:change wallet moniker
      <span
        className="MuiTouchRipple-root"
      />
    </li>
    <li
      aria-disabled={false}
      className="MuiButtonBase-root MuiListItem-root MuiMenuItem-root HookGlobalStyles-menuItem-2 MuiMenuItem-gutters MuiListItem-gutters MuiListItem-button"
      onBlur={[Function]}
      onClick={[Function]}
      onDragLeave={[Function]}
      onFocus={[Function]}
      onKeyDown={[Function]}
      onKeyUp={[Function]}
      onMouseDown={[Function]}
      onMouseLeave={[Function]}
      onMouseUp={[Function]}
      onTouchEnd={[Function]}
      onTouchMove={[Function]}
      onTouchStart={[Function]}
      role="menuitem"
      tabIndex={-1}
    >
      common:change security password
      <span
        className="MuiTouchRipple-root"
      />
    </li>
    <li
      aria-disabled={false}
      className="MuiButtonBase-root MuiListItem-root MuiMenuItem-root HookGlobalStyles-menuItem-2 MuiMenuItem-gutters MuiListItem-gutters MuiListItem-button"
      onBlur={[Function]}
      onClick={[Function]}
      onDragLeave={[Function]}
      onFocus={[Function]}
      onKeyDown={[Function]}
      onKeyUp={[Function]}
      onMouseDown={[Function]}
      onMouseLeave={[Function]}
      onMouseUp={[Function]}
      onTouchEnd={[Function]}
      onTouchMove={[Function]}
      onTouchStart={[Function]}
      role="menuitem"
      tabIndex={-1}
    >
      common:view mnemonic phrase
      <span
        className="MuiTouchRipple-root"
      />
    </li>
    <li
      aria-disabled={false}
      className="MuiButtonBase-root MuiListItem-root MuiMenuItem-root HookGlobalStyles-menuItem-2 MuiMenuItem-gutters MuiListItem-gutters MuiListItem-button"
      onBlur={[Function]}
      onClick={[Function]}
      onDragLeave={[Function]}
      onFocus={[Function]}
      onKeyDown={[Function]}
      onKeyUp={[Function]}
      onMouseDown={[Function]}
      onMouseLeave={[Function]}
      onMouseUp={[Function]}
      onTouchEnd={[Function]}
      onTouchMove={[Function]}
      onTouchStart={[Function]}
      role="menuitem"
      tabIndex={-1}
    >
      common:add account to wallet
      <span
        className="MuiTouchRipple-root"
      />
    </li>
    <div
      className="MuiBox-root MuiBox-root-15"
    >
      <button
        className="MuiButtonBase-root MuiButton-root MuiButton-contained MuiButton-containedPrimary MuiButton-fullWidth"
        disabled={false}
        onBlur={[Function]}
        onClick={[Function]}
        onDragLeave={[Function]}
        onFocus={[Function]}
        onKeyDown={[Function]}
        onKeyUp={[Function]}
        onMouseDown={[Function]}
        onMouseLeave={[Function]}
        onMouseUp={[Function]}
        onTouchEnd={[Function]}
        onTouchMove={[Function]}
        onTouchStart={[Function]}
        tabIndex={0}
        type="button"
      >
        <span
          className="MuiButton-label"
        >
          common:delete wallet
        </span>
        <span
          className="MuiTouchRipple-root"
        />
      </button>
    </div>
  </div>,
  <div
    id="ChangeWalletMonikerDialog"
    onClose={[Function]}
    open={false}
    walletId="123"
  />,
  <div
    id="ChangeSecurityPasswordDialog"
    onClose={[Function]}
    open={false}
    walletId="123"
  />,
  <div
    id="ViewMnemonicPhraseDialog"
    onClose={[Function]}
    open={false}
    walletId="123"
  />,
  <div
    id="CreateAccountDialog"
    onClose={[Function]}
    open={false}
    walletId="123"
  />,
  <div
    id="DeleteWalletDialog"
    onClose={[Function]}
    open={false}
    walletId="123"
  />,
]
`;

exports[`component: WalletMenuButton renders open / close delete wallet dialog correctly 1`] = `
Array [
  <button
    className="MuiButtonBase-root MuiIconButton-root HookGlobalStyles-iconButton-1"
    disabled={false}
    onBlur={[Function]}
    onClick={[Function]}
    onDragLeave={[Function]}
    onFocus={[Function]}
    onKeyDown={[Function]}
    onKeyUp={[Function]}
    onMouseDown={[Function]}
    onMouseLeave={[Function]}
    onMouseUp={[Function]}
    onTouchEnd={[Function]}
    onTouchMove={[Function]}
    onTouchStart={[Function]}
    tabIndex={0}
    type="button"
  >
    <span
      className="MuiIconButton-label"
    >
      <svg
        data-file-name="SvgIcon_edit"
        fill="#e0e0e0"
        height={16}
        width={16}
      />
    </span>
    <span
      className="MuiTouchRipple-root"
    />
  </button>,
  <div
    anchorOrigin={
      Object {
        "horizontal": "center",
        "vertical": "bottom",
      }
    }
    getContentAnchorEl={null}
    id="Menu"
    keepMounted={true}
    onClose={[Function]}
    open={false}
    transformOrigin={
      Object {
        "horizontal": "center",
        "vertical": "top",
      }
    }
  >
    <li
      aria-disabled={false}
      className="MuiButtonBase-root MuiListItem-root MuiMenuItem-root HookGlobalStyles-menuItem-2 MuiMenuItem-gutters MuiListItem-gutters MuiListItem-button"
      onBlur={[Function]}
      onClick={[Function]}
      onDragLeave={[Function]}
      onFocus={[Function]}
      onKeyDown={[Function]}
      onKeyUp={[Function]}
      onMouseDown={[Function]}
      onMouseLeave={[Function]}
      onMouseUp={[Function]}
      onTouchEnd={[Function]}
      onTouchMove={[Function]}
      onTouchStart={[Function]}
      role="menuitem"
      tabIndex={-1}
    >
      common:change wallet moniker
      <span
        className="MuiTouchRipple-root"
      />
    </li>
    <li
      aria-disabled={false}
      className="MuiButtonBase-root MuiListItem-root MuiMenuItem-root HookGlobalStyles-menuItem-2 MuiMenuItem-gutters MuiListItem-gutters MuiListItem-button"
      onBlur={[Function]}
      onClick={[Function]}
      onDragLeave={[Function]}
      onFocus={[Function]}
      onKeyDown={[Function]}
      onKeyUp={[Function]}
      onMouseDown={[Function]}
      onMouseLeave={[Function]}
      onMouseUp={[Function]}
      onTouchEnd={[Function]}
      onTouchMove={[Function]}
      onTouchStart={[Function]}
      role="menuitem"
      tabIndex={-1}
    >
      common:change security password
      <span
        className="MuiTouchRipple-root"
      />
    </li>
    <li
      aria-disabled={false}
      className="MuiButtonBase-root MuiListItem-root MuiMenuItem-root HookGlobalStyles-menuItem-2 MuiMenuItem-gutters MuiListItem-gutters MuiListItem-button"
      onBlur={[Function]}
      onClick={[Function]}
      onDragLeave={[Function]}
      onFocus={[Function]}
      onKeyDown={[Function]}
      onKeyUp={[Function]}
      onMouseDown={[Function]}
      onMouseLeave={[Function]}
      onMouseUp={[Function]}
      onTouchEnd={[Function]}
      onTouchMove={[Function]}
      onTouchStart={[Function]}
      role="menuitem"
      tabIndex={-1}
    >
      common:view mnemonic phrase
      <span
        className="MuiTouchRipple-root"
      />
    </li>
    <li
      aria-disabled={false}
      className="MuiButtonBase-root MuiListItem-root MuiMenuItem-root HookGlobalStyles-menuItem-2 MuiMenuItem-gutters MuiListItem-gutters MuiListItem-button"
      onBlur={[Function]}
      onClick={[Function]}
      onDragLeave={[Function]}
      onFocus={[Function]}
      onKeyDown={[Function]}
      onKeyUp={[Function]}
      onMouseDown={[Function]}
      onMouseLeave={[Function]}
      onMouseUp={[Function]}
      onTouchEnd={[Function]}
      onTouchMove={[Function]}
      onTouchStart={[Function]}
      role="menuitem"
      tabIndex={-1}
    >
      common:add account to wallet
      <span
        className="MuiTouchRipple-root"
      />
    </li>
    <div
      className="MuiBox-root MuiBox-root-16"
    >
      <button
        className="MuiButtonBase-root MuiButton-root MuiButton-contained MuiButton-containedPrimary MuiButton-fullWidth"
        disabled={false}
        onBlur={[Function]}
        onClick={[Function]}
        onDragLeave={[Function]}
        onFocus={[Function]}
        onKeyDown={[Function]}
        onKeyUp={[Function]}
        onMouseDown={[Function]}
        onMouseLeave={[Function]}
        onMouseUp={[Function]}
        onTouchEnd={[Function]}
        onTouchMove={[Function]}
        onTouchStart={[Function]}
        tabIndex={0}
        type="button"
      >
        <span
          className="MuiButton-label"
        >
          common:delete wallet
        </span>
        <span
          className="MuiTouchRipple-root"
        />
      </button>
    </div>
  </div>,
  <div
    id="ChangeWalletMonikerDialog"
    onClose={[Function]}
    open={false}
    walletId="123"
  />,
  <div
    id="ChangeSecurityPasswordDialog"
    onClose={[Function]}
    open={false}
    walletId="123"
  />,
  <div
    id="ViewMnemonicPhraseDialog"
    onClose={[Function]}
    open={false}
    walletId="123"
  />,
  <div
    id="CreateAccountDialog"
    onClose={[Function]}
    open={false}
    walletId="123"
  />,
  <div
    id="DeleteWalletDialog"
    onClose={[Function]}
    open={true}
    walletId="123"
  />,
]
`;

exports[`component: WalletMenuButton renders open / close delete wallet dialog correctly 2`] = `
Array [
  <button
    className="MuiButtonBase-root MuiIconButton-root HookGlobalStyles-iconButton-1"
    disabled={false}
    onBlur={[Function]}
    onClick={[Function]}
    onDragLeave={[Function]}
    onFocus={[Function]}
    onKeyDown={[Function]}
    onKeyUp={[Function]}
    onMouseDown={[Function]}
    onMouseLeave={[Function]}
    onMouseUp={[Function]}
    onTouchEnd={[Function]}
    onTouchMove={[Function]}
    onTouchStart={[Function]}
    tabIndex={0}
    type="button"
  >
    <span
      className="MuiIconButton-label"
    >
      <svg
        data-file-name="SvgIcon_edit"
        fill="#e0e0e0"
        height={16}
        width={16}
      />
    </span>
    <span
      className="MuiTouchRipple-root"
    />
  </button>,
  <div
    anchorOrigin={
      Object {
        "horizontal": "center",
        "vertical": "bottom",
      }
    }
    getContentAnchorEl={null}
    id="Menu"
    keepMounted={true}
    onClose={[Function]}
    open={false}
    transformOrigin={
      Object {
        "horizontal": "center",
        "vertical": "top",
      }
    }
  >
    <li
      aria-disabled={false}
      className="MuiButtonBase-root MuiListItem-root MuiMenuItem-root HookGlobalStyles-menuItem-2 MuiMenuItem-gutters MuiListItem-gutters MuiListItem-button"
      onBlur={[Function]}
      onClick={[Function]}
      onDragLeave={[Function]}
      onFocus={[Function]}
      onKeyDown={[Function]}
      onKeyUp={[Function]}
      onMouseDown={[Function]}
      onMouseLeave={[Function]}
      onMouseUp={[Function]}
      onTouchEnd={[Function]}
      onTouchMove={[Function]}
      onTouchStart={[Function]}
      role="menuitem"
      tabIndex={-1}
    >
      common:change wallet moniker
      <span
        className="MuiTouchRipple-root"
      />
    </li>
    <li
      aria-disabled={false}
      className="MuiButtonBase-root MuiListItem-root MuiMenuItem-root HookGlobalStyles-menuItem-2 MuiMenuItem-gutters MuiListItem-gutters MuiListItem-button"
      onBlur={[Function]}
      onClick={[Function]}
      onDragLeave={[Function]}
      onFocus={[Function]}
      onKeyDown={[Function]}
      onKeyUp={[Function]}
      onMouseDown={[Function]}
      onMouseLeave={[Function]}
      onMouseUp={[Function]}
      onTouchEnd={[Function]}
      onTouchMove={[Function]}
      onTouchStart={[Function]}
      role="menuitem"
      tabIndex={-1}
    >
      common:change security password
      <span
        className="MuiTouchRipple-root"
      />
    </li>
    <li
      aria-disabled={false}
      className="MuiButtonBase-root MuiListItem-root MuiMenuItem-root HookGlobalStyles-menuItem-2 MuiMenuItem-gutters MuiListItem-gutters MuiListItem-button"
      onBlur={[Function]}
      onClick={[Function]}
      onDragLeave={[Function]}
      onFocus={[Function]}
      onKeyDown={[Function]}
      onKeyUp={[Function]}
      onMouseDown={[Function]}
      onMouseLeave={[Function]}
      onMouseUp={[Function]}
      onTouchEnd={[Function]}
      onTouchMove={[Function]}
      onTouchStart={[Function]}
      role="menuitem"
      tabIndex={-1}
    >
      common:view mnemonic phrase
      <span
        className="MuiTouchRipple-root"
      />
    </li>
    <li
      aria-disabled={false}
      className="MuiButtonBase-root MuiListItem-root MuiMenuItem-root HookGlobalStyles-menuItem-2 MuiMenuItem-gutters MuiListItem-gutters MuiListItem-button"
      onBlur={[Function]}
      onClick={[Function]}
      onDragLeave={[Function]}
      onFocus={[Function]}
      onKeyDown={[Function]}
      onKeyUp={[Function]}
      onMouseDown={[Function]}
      onMouseLeave={[Function]}
      onMouseUp={[Function]}
      onTouchEnd={[Function]}
      onTouchMove={[Function]}
      onTouchStart={[Function]}
      role="menuitem"
      tabIndex={-1}
    >
      common:add account to wallet
      <span
        className="MuiTouchRipple-root"
      />
    </li>
    <div
      className="MuiBox-root MuiBox-root-16"
    >
      <button
        className="MuiButtonBase-root MuiButton-root MuiButton-contained MuiButton-containedPrimary MuiButton-fullWidth"
        disabled={false}
        onBlur={[Function]}
        onClick={[Function]}
        onDragLeave={[Function]}
        onFocus={[Function]}
        onKeyDown={[Function]}
        onKeyUp={[Function]}
        onMouseDown={[Function]}
        onMouseLeave={[Function]}
        onMouseUp={[Function]}
        onTouchEnd={[Function]}
        onTouchMove={[Function]}
        onTouchStart={[Function]}
        tabIndex={0}
        type="button"
      >
        <span
          className="MuiButton-label"
        >
          common:delete wallet
        </span>
        <span
          className="MuiTouchRipple-root"
        />
      </button>
    </div>
  </div>,
  <div
    id="ChangeWalletMonikerDialog"
    onClose={[Function]}
    open={false}
    walletId="123"
  />,
  <div
    id="ChangeSecurityPasswordDialog"
    onClose={[Function]}
    open={false}
    walletId="123"
  />,
  <div
    id="ViewMnemonicPhraseDialog"
    onClose={[Function]}
    open={false}
    walletId="123"
  />,
  <div
    id="CreateAccountDialog"
    onClose={[Function]}
    open={false}
    walletId="123"
  />,
  <div
    id="DeleteWalletDialog"
    onClose={[Function]}
    open={false}
    walletId="123"
  />,
]
`;

exports[`component: WalletMenuButton renders open / close menu correctly 1`] = `
Array [
  <button
    className="MuiButtonBase-root MuiIconButton-root HookGlobalStyles-iconButton-1"
    disabled={false}
    onBlur={[Function]}
    onClick={[Function]}
    onDragLeave={[Function]}
    onFocus={[Function]}
    onKeyDown={[Function]}
    onKeyUp={[Function]}
    onMouseDown={[Function]}
    onMouseLeave={[Function]}
    onMouseUp={[Function]}
    onTouchEnd={[Function]}
    onTouchMove={[Function]}
    onTouchStart={[Function]}
    tabIndex={0}
    type="button"
  >
    <span
      className="MuiIconButton-label"
    >
      <svg
        data-file-name="SvgIcon_edit"
        fill="#e0e0e0"
        height={16}
        width={16}
      />
    </span>
    <span
      className="MuiTouchRipple-root"
    />
  </button>,
  <div
    anchorEl="anchor"
    anchorOrigin={
      Object {
        "horizontal": "center",
        "vertical": "bottom",
      }
    }
    getContentAnchorEl={null}
    id="Menu"
    keepMounted={true}
    onClose={[Function]}
    open={true}
    transformOrigin={
      Object {
        "horizontal": "center",
        "vertical": "top",
      }
    }
  >
    <li
      aria-disabled={false}
      className="MuiButtonBase-root MuiListItem-root MuiMenuItem-root HookGlobalStyles-menuItem-2 MuiMenuItem-gutters MuiListItem-gutters MuiListItem-button"
      onBlur={[Function]}
      onClick={[Function]}
      onDragLeave={[Function]}
      onFocus={[Function]}
      onKeyDown={[Function]}
      onKeyUp={[Function]}
      onMouseDown={[Function]}
      onMouseLeave={[Function]}
      onMouseUp={[Function]}
      onTouchEnd={[Function]}
      onTouchMove={[Function]}
      onTouchStart={[Function]}
      role="menuitem"
      tabIndex={-1}
    >
      common:change wallet moniker
      <span
        className="MuiTouchRipple-root"
      />
    </li>
    <li
      aria-disabled={false}
      className="MuiButtonBase-root MuiListItem-root MuiMenuItem-root HookGlobalStyles-menuItem-2 MuiMenuItem-gutters MuiListItem-gutters MuiListItem-button"
      onBlur={[Function]}
      onClick={[Function]}
      onDragLeave={[Function]}
      onFocus={[Function]}
      onKeyDown={[Function]}
      onKeyUp={[Function]}
      onMouseDown={[Function]}
      onMouseLeave={[Function]}
      onMouseUp={[Function]}
      onTouchEnd={[Function]}
      onTouchMove={[Function]}
      onTouchStart={[Function]}
      role="menuitem"
      tabIndex={-1}
    >
      common:change security password
      <span
        className="MuiTouchRipple-root"
      />
    </li>
    <li
      aria-disabled={false}
      className="MuiButtonBase-root MuiListItem-root MuiMenuItem-root HookGlobalStyles-menuItem-2 MuiMenuItem-gutters MuiListItem-gutters MuiListItem-button"
      onBlur={[Function]}
      onClick={[Function]}
      onDragLeave={[Function]}
      onFocus={[Function]}
      onKeyDown={[Function]}
      onKeyUp={[Function]}
      onMouseDown={[Function]}
      onMouseLeave={[Function]}
      onMouseUp={[Function]}
      onTouchEnd={[Function]}
      onTouchMove={[Function]}
      onTouchStart={[Function]}
      role="menuitem"
      tabIndex={-1}
    >
      common:view mnemonic phrase
      <span
        className="MuiTouchRipple-root"
      />
    </li>
    <li
      aria-disabled={false}
      className="MuiButtonBase-root MuiListItem-root MuiMenuItem-root HookGlobalStyles-menuItem-2 MuiMenuItem-gutters MuiListItem-gutters MuiListItem-button"
      onBlur={[Function]}
      onClick={[Function]}
      onDragLeave={[Function]}
      onFocus={[Function]}
      onKeyDown={[Function]}
      onKeyUp={[Function]}
      onMouseDown={[Function]}
      onMouseLeave={[Function]}
      onMouseUp={[Function]}
      onTouchEnd={[Function]}
      onTouchMove={[Function]}
      onTouchStart={[Function]}
      role="menuitem"
      tabIndex={-1}
    >
      common:add account to wallet
      <span
        className="MuiTouchRipple-root"
      />
    </li>
    <div
      className="MuiBox-root MuiBox-root-11"
    >
      <button
        className="MuiButtonBase-root MuiButton-root MuiButton-contained MuiButton-containedPrimary MuiButton-fullWidth"
        disabled={false}
        onBlur={[Function]}
        onClick={[Function]}
        onDragLeave={[Function]}
        onFocus={[Function]}
        onKeyDown={[Function]}
        onKeyUp={[Function]}
        onMouseDown={[Function]}
        onMouseLeave={[Function]}
        onMouseUp={[Function]}
        onTouchEnd={[Function]}
        onTouchMove={[Function]}
        onTouchStart={[Function]}
        tabIndex={0}
        type="button"
      >
        <span
          className="MuiButton-label"
        >
          common:delete wallet
        </span>
        <span
          className="MuiTouchRipple-root"
        />
      </button>
    </div>
  </div>,
  <div
    id="ChangeWalletMonikerDialog"
    onClose={[Function]}
    open={false}
    walletId="123"
  />,
  <div
    id="ChangeSecurityPasswordDialog"
    onClose={[Function]}
    open={false}
    walletId="123"
  />,
  <div
    id="ViewMnemonicPhraseDialog"
    onClose={[Function]}
    open={false}
    walletId="123"
  />,
  <div
    id="CreateAccountDialog"
    onClose={[Function]}
    open={false}
    walletId="123"
  />,
  <div
    id="DeleteWalletDialog"
    onClose={[Function]}
    open={false}
    walletId="123"
  />,
]
`;

exports[`component: WalletMenuButton renders open / close menu correctly 2`] = `
Array [
  <button
    className="MuiButtonBase-root MuiIconButton-root HookGlobalStyles-iconButton-1"
    disabled={false}
    onBlur={[Function]}
    onClick={[Function]}
    onDragLeave={[Function]}
    onFocus={[Function]}
    onKeyDown={[Function]}
    onKeyUp={[Function]}
    onMouseDown={[Function]}
    onMouseLeave={[Function]}
    onMouseUp={[Function]}
    onTouchEnd={[Function]}
    onTouchMove={[Function]}
    onTouchStart={[Function]}
    tabIndex={0}
    type="button"
  >
    <span
      className="MuiIconButton-label"
    >
      <svg
        data-file-name="SvgIcon_edit"
        fill="#e0e0e0"
        height={16}
        width={16}
      />
    </span>
    <span
      className="MuiTouchRipple-root"
    />
  </button>,
  <div
    anchorOrigin={
      Object {
        "horizontal": "center",
        "vertical": "bottom",
      }
    }
    getContentAnchorEl={null}
    id="Menu"
    keepMounted={true}
    onClose={[Function]}
    open={false}
    transformOrigin={
      Object {
        "horizontal": "center",
        "vertical": "top",
      }
    }
  >
    <li
      aria-disabled={false}
      className="MuiButtonBase-root MuiListItem-root MuiMenuItem-root HookGlobalStyles-menuItem-2 MuiMenuItem-gutters MuiListItem-gutters MuiListItem-button"
      onBlur={[Function]}
      onClick={[Function]}
      onDragLeave={[Function]}
      onFocus={[Function]}
      onKeyDown={[Function]}
      onKeyUp={[Function]}
      onMouseDown={[Function]}
      onMouseLeave={[Function]}
      onMouseUp={[Function]}
      onTouchEnd={[Function]}
      onTouchMove={[Function]}
      onTouchStart={[Function]}
      role="menuitem"
      tabIndex={-1}
    >
      common:change wallet moniker
      <span
        className="MuiTouchRipple-root"
      />
    </li>
    <li
      aria-disabled={false}
      className="MuiButtonBase-root MuiListItem-root MuiMenuItem-root HookGlobalStyles-menuItem-2 MuiMenuItem-gutters MuiListItem-gutters MuiListItem-button"
      onBlur={[Function]}
      onClick={[Function]}
      onDragLeave={[Function]}
      onFocus={[Function]}
      onKeyDown={[Function]}
      onKeyUp={[Function]}
      onMouseDown={[Function]}
      onMouseLeave={[Function]}
      onMouseUp={[Function]}
      onTouchEnd={[Function]}
      onTouchMove={[Function]}
      onTouchStart={[Function]}
      role="menuitem"
      tabIndex={-1}
    >
      common:change security password
      <span
        className="MuiTouchRipple-root"
      />
    </li>
    <li
      aria-disabled={false}
      className="MuiButtonBase-root MuiListItem-root MuiMenuItem-root HookGlobalStyles-menuItem-2 MuiMenuItem-gutters MuiListItem-gutters MuiListItem-button"
      onBlur={[Function]}
      onClick={[Function]}
      onDragLeave={[Function]}
      onFocus={[Function]}
      onKeyDown={[Function]}
      onKeyUp={[Function]}
      onMouseDown={[Function]}
      onMouseLeave={[Function]}
      onMouseUp={[Function]}
      onTouchEnd={[Function]}
      onTouchMove={[Function]}
      onTouchStart={[Function]}
      role="menuitem"
      tabIndex={-1}
    >
      common:view mnemonic phrase
      <span
        className="MuiTouchRipple-root"
      />
    </li>
    <li
      aria-disabled={false}
      className="MuiButtonBase-root MuiListItem-root MuiMenuItem-root HookGlobalStyles-menuItem-2 MuiMenuItem-gutters MuiListItem-gutters MuiListItem-button"
      onBlur={[Function]}
      onClick={[Function]}
      onDragLeave={[Function]}
      onFocus={[Function]}
      onKeyDown={[Function]}
      onKeyUp={[Function]}
      onMouseDown={[Function]}
      onMouseLeave={[Function]}
      onMouseUp={[Function]}
      onTouchEnd={[Function]}
      onTouchMove={[Function]}
      onTouchStart={[Function]}
      role="menuitem"
      tabIndex={-1}
    >
      common:add account to wallet
      <span
        className="MuiTouchRipple-root"
      />
    </li>
    <div
      className="MuiBox-root MuiBox-root-11"
    >
      <button
        className="MuiButtonBase-root MuiButton-root MuiButton-contained MuiButton-containedPrimary MuiButton-fullWidth"
        disabled={false}
        onBlur={[Function]}
        onClick={[Function]}
        onDragLeave={[Function]}
        onFocus={[Function]}
        onKeyDown={[Function]}
        onKeyUp={[Function]}
        onMouseDown={[Function]}
        onMouseLeave={[Function]}
        onMouseUp={[Function]}
        onTouchEnd={[Function]}
        onTouchMove={[Function]}
        onTouchStart={[Function]}
        tabIndex={0}
        type="button"
      >
        <span
          className="MuiButton-label"
        >
          common:delete wallet
        </span>
        <span
          className="MuiTouchRipple-root"
        />
      </button>
    </div>
  </div>,
  <div
    id="ChangeWalletMonikerDialog"
    onClose={[Function]}
    open={false}
    walletId="123"
  />,
  <div
    id="ChangeSecurityPasswordDialog"
    onClose={[Function]}
    open={false}
    walletId="123"
  />,
  <div
    id="ViewMnemonicPhraseDialog"
    onClose={[Function]}
    open={false}
    walletId="123"
  />,
  <div
    id="CreateAccountDialog"
    onClose={[Function]}
    open={false}
    walletId="123"
  />,
  <div
    id="DeleteWalletDialog"
    onClose={[Function]}
    open={false}
    walletId="123"
  />,
]
`;

exports[`component: WalletMenuButton renders open / close view mnemonic phrase dialog correctly 1`] = `
Array [
  <button
    className="MuiButtonBase-root MuiIconButton-root HookGlobalStyles-iconButton-1"
    disabled={false}
    onBlur={[Function]}
    onClick={[Function]}
    onDragLeave={[Function]}
    onFocus={[Function]}
    onKeyDown={[Function]}
    onKeyUp={[Function]}
    onMouseDown={[Function]}
    onMouseLeave={[Function]}
    onMouseUp={[Function]}
    onTouchEnd={[Function]}
    onTouchMove={[Function]}
    onTouchStart={[Function]}
    tabIndex={0}
    type="button"
  >
    <span
      className="MuiIconButton-label"
    >
      <svg
        data-file-name="SvgIcon_edit"
        fill="#e0e0e0"
        height={16}
        width={16}
      />
    </span>
    <span
      className="MuiTouchRipple-root"
    />
  </button>,
  <div
    anchorOrigin={
      Object {
        "horizontal": "center",
        "vertical": "bottom",
      }
    }
    getContentAnchorEl={null}
    id="Menu"
    keepMounted={true}
    onClose={[Function]}
    open={false}
    transformOrigin={
      Object {
        "horizontal": "center",
        "vertical": "top",
      }
    }
  >
    <li
      aria-disabled={false}
      className="MuiButtonBase-root MuiListItem-root MuiMenuItem-root HookGlobalStyles-menuItem-2 MuiMenuItem-gutters MuiListItem-gutters MuiListItem-button"
      onBlur={[Function]}
      onClick={[Function]}
      onDragLeave={[Function]}
      onFocus={[Function]}
      onKeyDown={[Function]}
      onKeyUp={[Function]}
      onMouseDown={[Function]}
      onMouseLeave={[Function]}
      onMouseUp={[Function]}
      onTouchEnd={[Function]}
      onTouchMove={[Function]}
      onTouchStart={[Function]}
      role="menuitem"
      tabIndex={-1}
    >
      common:change wallet moniker
      <span
        className="MuiTouchRipple-root"
      />
    </li>
    <li
      aria-disabled={false}
      className="MuiButtonBase-root MuiListItem-root MuiMenuItem-root HookGlobalStyles-menuItem-2 MuiMenuItem-gutters MuiListItem-gutters MuiListItem-button"
      onBlur={[Function]}
      onClick={[Function]}
      onDragLeave={[Function]}
      onFocus={[Function]}
      onKeyDown={[Function]}
      onKeyUp={[Function]}
      onMouseDown={[Function]}
      onMouseLeave={[Function]}
      onMouseUp={[Function]}
      onTouchEnd={[Function]}
      onTouchMove={[Function]}
      onTouchStart={[Function]}
      role="menuitem"
      tabIndex={-1}
    >
      common:change security password
      <span
        className="MuiTouchRipple-root"
      />
    </li>
    <li
      aria-disabled={false}
      className="MuiButtonBase-root MuiListItem-root MuiMenuItem-root HookGlobalStyles-menuItem-2 MuiMenuItem-gutters MuiListItem-gutters MuiListItem-button"
      onBlur={[Function]}
      onClick={[Function]}
      onDragLeave={[Function]}
      onFocus={[Function]}
      onKeyDown={[Function]}
      onKeyUp={[Function]}
      onMouseDown={[Function]}
      onMouseLeave={[Function]}
      onMouseUp={[Function]}
      onTouchEnd={[Function]}
      onTouchMove={[Function]}
      onTouchStart={[Function]}
      role="menuitem"
      tabIndex={-1}
    >
      common:view mnemonic phrase
      <span
        className="MuiTouchRipple-root"
      />
    </li>
    <li
      aria-disabled={false}
      className="MuiButtonBase-root MuiListItem-root MuiMenuItem-root HookGlobalStyles-menuItem-2 MuiMenuItem-gutters MuiListItem-gutters MuiListItem-button"
      onBlur={[Function]}
      onClick={[Function]}
      onDragLeave={[Function]}
      onFocus={[Function]}
      onKeyDown={[Function]}
      onKeyUp={[Function]}
      onMouseDown={[Function]}
      onMouseLeave={[Function]}
      onMouseUp={[Function]}
      onTouchEnd={[Function]}
      onTouchMove={[Function]}
      onTouchStart={[Function]}
      role="menuitem"
      tabIndex={-1}
    >
      common:add account to wallet
      <span
        className="MuiTouchRipple-root"
      />
    </li>
    <div
      className="MuiBox-root MuiBox-root-14"
    >
      <button
        className="MuiButtonBase-root MuiButton-root MuiButton-contained MuiButton-containedPrimary MuiButton-fullWidth"
        disabled={false}
        onBlur={[Function]}
        onClick={[Function]}
        onDragLeave={[Function]}
        onFocus={[Function]}
        onKeyDown={[Function]}
        onKeyUp={[Function]}
        onMouseDown={[Function]}
        onMouseLeave={[Function]}
        onMouseUp={[Function]}
        onTouchEnd={[Function]}
        onTouchMove={[Function]}
        onTouchStart={[Function]}
        tabIndex={0}
        type="button"
      >
        <span
          className="MuiButton-label"
        >
          common:delete wallet
        </span>
        <span
          className="MuiTouchRipple-root"
        />
      </button>
    </div>
  </div>,
  <div
    id="ChangeWalletMonikerDialog"
    onClose={[Function]}
    open={false}
    walletId="123"
  />,
  <div
    id="ChangeSecurityPasswordDialog"
    onClose={[Function]}
    open={false}
    walletId="123"
  />,
  <div
    id="ViewMnemonicPhraseDialog"
    onClose={[Function]}
    open={true}
    walletId="123"
  />,
  <div
    id="CreateAccountDialog"
    onClose={[Function]}
    open={false}
    walletId="123"
  />,
  <div
    id="DeleteWalletDialog"
    onClose={[Function]}
    open={false}
    walletId="123"
  />,
]
`;

exports[`component: WalletMenuButton renders open / close view mnemonic phrase dialog correctly 2`] = `
Array [
  <button
    className="MuiButtonBase-root MuiIconButton-root HookGlobalStyles-iconButton-1"
    disabled={false}
    onBlur={[Function]}
    onClick={[Function]}
    onDragLeave={[Function]}
    onFocus={[Function]}
    onKeyDown={[Function]}
    onKeyUp={[Function]}
    onMouseDown={[Function]}
    onMouseLeave={[Function]}
    onMouseUp={[Function]}
    onTouchEnd={[Function]}
    onTouchMove={[Function]}
    onTouchStart={[Function]}
    tabIndex={0}
    type="button"
  >
    <span
      className="MuiIconButton-label"
    >
      <svg
        data-file-name="SvgIcon_edit"
        fill="#e0e0e0"
        height={16}
        width={16}
      />
    </span>
    <span
      className="MuiTouchRipple-root"
    />
  </button>,
  <div
    anchorOrigin={
      Object {
        "horizontal": "center",
        "vertical": "bottom",
      }
    }
    getContentAnchorEl={null}
    id="Menu"
    keepMounted={true}
    onClose={[Function]}
    open={false}
    transformOrigin={
      Object {
        "horizontal": "center",
        "vertical": "top",
      }
    }
  >
    <li
      aria-disabled={false}
      className="MuiButtonBase-root MuiListItem-root MuiMenuItem-root HookGlobalStyles-menuItem-2 MuiMenuItem-gutters MuiListItem-gutters MuiListItem-button"
      onBlur={[Function]}
      onClick={[Function]}
      onDragLeave={[Function]}
      onFocus={[Function]}
      onKeyDown={[Function]}
      onKeyUp={[Function]}
      onMouseDown={[Function]}
      onMouseLeave={[Function]}
      onMouseUp={[Function]}
      onTouchEnd={[Function]}
      onTouchMove={[Function]}
      onTouchStart={[Function]}
      role="menuitem"
      tabIndex={-1}
    >
      common:change wallet moniker
      <span
        className="MuiTouchRipple-root"
      />
    </li>
    <li
      aria-disabled={false}
      className="MuiButtonBase-root MuiListItem-root MuiMenuItem-root HookGlobalStyles-menuItem-2 MuiMenuItem-gutters MuiListItem-gutters MuiListItem-button"
      onBlur={[Function]}
      onClick={[Function]}
      onDragLeave={[Function]}
      onFocus={[Function]}
      onKeyDown={[Function]}
      onKeyUp={[Function]}
      onMouseDown={[Function]}
      onMouseLeave={[Function]}
      onMouseUp={[Function]}
      onTouchEnd={[Function]}
      onTouchMove={[Function]}
      onTouchStart={[Function]}
      role="menuitem"
      tabIndex={-1}
    >
      common:change security password
      <span
        className="MuiTouchRipple-root"
      />
    </li>
    <li
      aria-disabled={false}
      className="MuiButtonBase-root MuiListItem-root MuiMenuItem-root HookGlobalStyles-menuItem-2 MuiMenuItem-gutters MuiListItem-gutters MuiListItem-button"
      onBlur={[Function]}
      onClick={[Function]}
      onDragLeave={[Function]}
      onFocus={[Function]}
      onKeyDown={[Function]}
      onKeyUp={[Function]}
      onMouseDown={[Function]}
      onMouseLeave={[Function]}
      onMouseUp={[Function]}
      onTouchEnd={[Function]}
      onTouchMove={[Function]}
      onTouchStart={[Function]}
      role="menuitem"
      tabIndex={-1}
    >
      common:view mnemonic phrase
      <span
        className="MuiTouchRipple-root"
      />
    </li>
    <li
      aria-disabled={false}
      className="MuiButtonBase-root MuiListItem-root MuiMenuItem-root HookGlobalStyles-menuItem-2 MuiMenuItem-gutters MuiListItem-gutters MuiListItem-button"
      onBlur={[Function]}
      onClick={[Function]}
      onDragLeave={[Function]}
      onFocus={[Function]}
      onKeyDown={[Function]}
      onKeyUp={[Function]}
      onMouseDown={[Function]}
      onMouseLeave={[Function]}
      onMouseUp={[Function]}
      onTouchEnd={[Function]}
      onTouchMove={[Function]}
      onTouchStart={[Function]}
      role="menuitem"
      tabIndex={-1}
    >
      common:add account to wallet
      <span
        className="MuiTouchRipple-root"
      />
    </li>
    <div
      className="MuiBox-root MuiBox-root-14"
    >
      <button
        className="MuiButtonBase-root MuiButton-root MuiButton-contained MuiButton-containedPrimary MuiButton-fullWidth"
        disabled={false}
        onBlur={[Function]}
        onClick={[Function]}
        onDragLeave={[Function]}
        onFocus={[Function]}
        onKeyDown={[Function]}
        onKeyUp={[Function]}
        onMouseDown={[Function]}
        onMouseLeave={[Function]}
        onMouseUp={[Function]}
        onTouchEnd={[Function]}
        onTouchMove={[Function]}
        onTouchStart={[Function]}
        tabIndex={0}
        type="button"
      >
        <span
          className="MuiButton-label"
        >
          common:delete wallet
        </span>
        <span
          className="MuiTouchRipple-root"
        />
      </button>
    </div>
  </div>,
  <div
    id="ChangeWalletMonikerDialog"
    onClose={[Function]}
    open={false}
    walletId="123"
  />,
  <div
    id="ChangeSecurityPasswordDialog"
    onClose={[Function]}
    open={false}
    walletId="123"
  />,
  <div
    id="ViewMnemonicPhraseDialog"
    onClose={[Function]}
    open={false}
    walletId="123"
  />,
  <div
    id="CreateAccountDialog"
    onClose={[Function]}
    open={false}
    walletId="123"
  />,
  <div
    id="DeleteWalletDialog"
    onClose={[Function]}
    open={false}
    walletId="123"
  />,
]
`;
